
Running 18 tests using 1 worker

(node:32668) Warning: The 'NO_COLOR' env is ignored due to the 'FORCE_COLOR' env being set.
(Use `node --trace-warnings ...` to show where the warning was created)
  ok  1 [chromium] › accent-dark.spec.ts:99:5 › T12-LIGHT: 5 色板依次驱动 --primary (5.4s)
  ok  2 [chromium] › accent-dark.spec.ts:107:5 › T12-LIGHT: 选中色写入 localStorage (2.6s)
  ok  3 [chromium] › accent-dark.spec.ts:117:5 › T12-DARK: 暗色模式下 5 色板仍然生效 (5.8s)
  ok  4 [chromium] › accent-dark.spec.ts:131:5 › T12-ROUNDTRIP: coral 在 light → dark → light 间无残留 (3.8s)
  ok  5 [chromium] › accent-dark.spec.ts:153:5 › C-DARK-1: 暗色模式下 <html> 和 .dark 元素的 --primary 一致 (3.6s)
  ok  6 [chromium] › smoke.spec.ts:37:5 › T1: 点击列表切换笔记 (2.0s)
  ok  7 [chromium] › smoke.spec.ts:44:5 › T2a: Pinned 筛选只剩置顶笔记 (1.9s)
  ok  8 [chromium] › smoke.spec.ts:51:5 › T2b: All 恢复全量（置顶与普通都在列表里） (1.8s)
  ok  9 [chromium] › smoke.spec.ts:59:5 › T2c: 文件夹筛选（personal） (1.8s)
  ok 10 [chromium] › smoke.spec.ts:72:5 › T3: 搜索命中且大小写不敏感 (2.7s)
  ok 11 [chromium] › smoke.spec.ts:83:5 › T3b: 搜索无命中显示空态 (2.5s)
  ok 12 [chromium] › smoke.spec.ts:93:5 › T4: 标签筛选生效 (2.2s)
  ok 13 [chromium] › smoke.spec.ts:107:5 › T11: 主题切换翻转根元素 dark class (2.4s)
  ok 14 [chromium] › smoke.spec.ts:120:5 › T13: 控制台无实质错误 (2.8s)
  ok 15 [chromium] › smoke.spec.ts:147:5 › T5a/T5b: 直接编辑 → Save 出现 → 落库 (5.0s)
  ok 16 [chromium] › smoke.spec.ts:170:5 › T5c: 切换笔记自动落盘未保存草稿 (5.4s)
  ok 17 [chromium] › smoke.spec.ts:195:5 › T6: New note 新建并自动选中空笔记 (4.0s)
  ok 18 [chromium] › smoke.spec.ts:209:5 › T7: 删除需两步确认且真删 (4.8s)

  18 passed (1.0m)
